--- Testing OPTIONS ---
Status: 204
Headers: {
  "cache-control": "public, max-age=0, must-revalidate",
  "content-disposition": "inline; filename=\"404\"",
  "date": "Thu, 01 Jan 2026 21:14:20 GMT",
  "server": "Vercel",
  "strict-transport-security": "max-age=63072000; includeSubDomains; preload",
  "x-matched-path": "/404",
  "x-vercel-cache": "BYPASS",
  "x-vercel-id": "iad1::m5j97-1767302060603-d4734af3ba22"
}

--- Testing PING ---
Status: 404
Body: <!DOCTYPE html><!--dvVfKbr4Uzr8MNyy1eHhL--><html lang="es"><head><meta charSet="utf-8"/><meta name="viewport" content="width=device-width, initial-scale=1"/><link rel="stylesheet" href="/_next/static/chunks/29a3b05578acb3f5.css" data-precedence="next"/><link rel="preload" as="script" fetchPriority="low" href="/_next/static/chunks/d7ddc0422a1b4390.js"/><script src="/_next/static/chunks/adf1838ed8174570.js" async=""></script><script src="/_next/static/chunks/5cedbe3d28acc407.js" async=""></script><script src="/_next/static/chunks/cc759f7c2413b7ff.js" async=""></script><script src="/_next/static/chunks/d49106d007e3bd3d.js" async=""></script><script src="/_next/static/chunks/turbopack-0071758c64b384c7.js" async=""></script><script src="/_next/static/chunks/62ad1ffa6867909c.js" async=""></script><script src="/_next/static/chunks/ff1a16fafef87110.js" async=""></script><script src="/_next/static/chunks/7340adf74ff47ec0.js" async=""></script><meta name="robots" content="noindex"/><meta name="next-size-adjust" content=""/><title>404: This page could not be found.</title><title>Sistema de Palmicultura - AgroApp</title><meta name="description" content="Gesti├│n operativa de fincas palmeras"/><link rel="icon" href="/favicon.ico?favicon.0b3bf435.ico" sizes="256x256" type="image/x-icon"/><script src="/_next/static/chunks/a6dad97d9634a72d.js" noModule=""></script></head><body class="inter_5972bc34-module__OU16Qa__className"><div hidden=""><!--$--><!--/$--></div><div class="min-h-screen bg-background text-foreground"><div class="fixed inset-0 bg-black/50 z-30 transition-opacity md:hidden opacity-0 pointer-events-none"></div><aside class="w-64 bg-card border-r border-border flex flex-col h-screen fixed left-0 top-0 bottom-0 z-40 transition-transform duration-300 md:translate-x-0 -translate-x-full"><div class="h-16 flex items-center px-6 border-b border-border"><h1 class="font-bold text-xl text-primary tracking-tight">AgroApp</h1></div><nav class="flex-1 overflow-y-auto py-4"><ul class="space-y-1 px-3"><li><a class="flex items-center gap-3 px-3 py-2.5 rounded-lg text-sm font-medium transition-colors text-muted-foreground hover:bg-accent hover:text-accent-foreground" href="/"><svg xmlns="http://www.w3.org/2000/svg" width="24" height="24" viewBox="0 0 24 24" fill="none" stroke="currentColor" stroke-width="2" stroke-linecap="round" stroke-linejoin="round" class="lucide lucide-layout-dashboard w-5 h-5" aria-hidden="true"><rect width="7" height="9" x="3" y="3" rx="1"></rect><rect width="7" height="5" x="14" y="3" rx="1"></rect><rect width="7" height="9" x="14" y="12" rx="1"></rect><rect width="7" height="5" x="3" y="16" rx="1"></rect></svg>Dashboard</a></li><li><a class="flex items-center gap-3 px-3 py-2.5 rounded-lg text-sm font-medium transition-colors text-muted-foreground hover:bg-accent hover:text-accent-foreground" href="/fincas"><svg xmlns="http://www.w3.org/2000/svg" width="24" height="24" viewBox="0 0 24 24" fill="none" stroke="currentColor" stroke-width="2" stroke-linecap="round" stroke-linejoin="round" class="lucide lucide-sprout w-5 h-5" aria-hidden="true"><path d="M14 9.536V7a4 4 0 0 1 4-4h1.5a.5.5 0 0 1 .5.5V5a4 4 0 0 1-4 4 4 4 0 0 0-4 4c0 2 1 3 1 5a5 5 0 0 1-1 3"></path><path d="M4 9a5 5 0 0 1 8 4 5 5 0 0 1-8-4"></path><path d="M5 21h14"></path></svg>Fincas &amp; Lotes</a></li><li><a class="flex items-center gap-3 px-3 py-2.5 rounded-lg text-sm font-medium transition-colors text-muted-foreground hover:bg-accent hover:text-accent-foreground" href="/maquinaria"><svg xmlns="http://www.w3.org/2000/svg" width="24" height="24" viewBox="0 0 24 24" fill="none" stroke="currentColor" stroke-width="2" stroke-linecap="round" stroke-linejoin="round" class="lucide lucide-tractor w-5 h-5" aria-hidden="true"><path d="m10 11 11 .9a1 1 0 0 1 .8 1.1l-.665 4.158a1 1 0 0 1-.988.842H20"></path><path d="M16 18h-5"></path><path d="M18 5a1 1 0 0 0-1 1v5.573"></path><path d="M3 4h8.129a1 1 0 0 1 .99.863L13 11.246"></path><path d="M4 11V4"></path><path d="M7 15h.01"></path><path d="M8 10.1V4"></path><circle cx="18" cy="18" r="2"></circle><circle cx="7" cy="15" r="5"></circle></svg>Maquinaria</a></li><li><a class="flex items-center gap-3 px-3 py-2.5 rounded-lg text-sm font-medium transition-colors text-muted-foreground hover:bg-accent hover:text-accent-foreground" href="/almacen"><svg xmlns="http://www.w3.org/2000/svg" width="24" height="24" viewBox="0 0 24 24" fill="none" stroke="currentColor" stroke-width="2" stroke-linecap="round" stroke-linejoin="round" class="lucide lucide-package w-5 h-5" aria-hidden="true"><path d="M11 21.73a2 2 0 0 0 2 0l7-4A2 2 0 0 0 21 16V8a2 2 0 0 0-1-1.73l-7-4a2 2 0 0 0-2 0l-7 4A2 2 0 0 0 3 8v8a2 2 0 0 0 1 1.73z"></path><path d="M12 22V12"></path><polyline points="3.29 7 12 12 20.71 7"></polyline><path d="m7.5 4.27 9 5.15"></path></svg>Almac├®n</a></li><li><a class="flex items-center gap-3 px-3 py-2.5 rounded-lg text-sm font-medium transition-colors text-muted-foreground hover:bg-accent hover:text-accent-foreground" href="/reportes"><svg xmlns="http://www.w3.org/2000/svg" width="24" height="24" viewBox="0 0 24 24" fill="none" stroke="currentColor" stroke-width="2" stroke-linecap="round" stroke-linejoin="round" class="lucide lucide-file-text w-5 h-5" aria-hidden="true"><path d="M6 22a2 2 0 0 1-2-2V4a2 2 0 0 1 2-2h8a2.4 2.4 0 0 1 1.704.706l3.588 3.588A2.4 2.4 0 0 1 20 8v12a2 2 0 0 1-2 2z"></path><path d="M14 2v5a1 1 0 0 0 1 1h5"></path><path d="M10 9H8"></path><path d="M16 13H8"></path><path d="M16 17H8"></path></svg>Reportes</a></li><li><a class="flex items-center gap-3 px-3 py-2.5 rounded-lg text-sm font-medium transition-colors text-muted-foreground hover:bg-accent hover:text-accent-foreground" href="/configuracion"><svg xmlns="http://www.w3.org/2000/svg" width="24" height="24" viewBox="0 0 24 24" fill="none" stroke="currentColor" stroke-width="2" stroke-linecap="round" stroke-linejoin="round" class="lucide lucide-settings w-5 h-5" aria-hidden="true"><path d="M9.671 4.136a2.34 2.34 0 0 1 4.659 0 2.34 2.34 0 0 0 3.319 1.915 2.34 2.34 0 0 1 2.33 4.033 2.34 2.34 0 0 0 0 3.831 2.34 2.34 0 0 1-2.33 4.033 2.34 2.34 0 0 0-3.319 1.915 2.34 2.34 0 0 1-4.659 0 2.34 2.34 0 0 0-3.32-1.915 2.34 2.34 0 0 1-2.33-4.033 2.34 2.34 0 0 0 0-3.831A2.34 2.34 0 0 1 6.35 6.051a2.34 2.34 0 0 0 3.319-1.915"></path><circle cx="12" cy="12" r="3"></circle></svg>Configuraci├│n</a></li></ul></nav><div class="p-4 border-t border-border"><div class="flex items-center gap-3 px-3 py-2 text-sm text-muted-foreground"><div class="w-8 h-8 rounded-full bg-primary/20 flex items-center justify-center text-primary font-bold">U</div><div class="flex-1"><p class="font-medium text-foreground">Usuario</p><p class="text-xs">Admin</p></div></div></div></aside><div class="md:pl-64 flex flex-col min-h-screen"><header class="h-16 border-b border-border bg-background/50 backdrop-blur-sm sticky top-0 z-30 px-4 flex items-center justify-between md:justify-end"><button class="md:hidden p-2 -ml-2 text-muted-foreground hover:text-foreground"><svg xmlns="http://www.w3.org/2000/svg" width="24" height="24" viewBox="0 0 24 24" fill="none" stroke="currentColor" stroke-width="2" stroke-linecap="round" stroke-linejoin="round" class="lucide lucide-menu w-6 h-6" aria-hidden="true"><path d="M4 5h16"></path><path d="M4 12h16"></path><path d="M4 19h16"></path></svg></button><div class="flex items-center gap-4"></div></header><main class="flex-1 p-4 md:p-8 overflow-x-hidden"><div style="font-family:system-ui,&quot;Segoe UI&quot;,Roboto,Helvetica,Arial,sans-serif,&quot;Apple Color Emoji&quot;,&quot;Segoe UI Emoji&quot;;height:100vh;text-align:center;display:flex;flex-direction:column;align-items:center;justify-content:center"><div><style>body{color:#000;background:#fff;margin:0}.next-error-h1{border-right:1px solid rgba(0,0,0,.3)}@media (prefers-color-scheme:dark){body{color:#fff;background:#000}.next-error-h1{border-right:1px solid rgba(255,255,255,.3)}}</style><h1 class="next-error-h1" style="display:inline-block;margin:0 20px 0 0;padding:0 23px 0 0;font-size:24px;font-weight:500;vertical-align:top;line-height:49px">404</h1><div style="display:inline-block"><h2 style="font-size:14px;font-weight:400;line-height:49px;margin:0">This page could not be found.</h2></div></div></div><!--$--><!--/$--></main></div></div><script src="/_next/static/chunks/d7ddc0422a1b4390.js" id="_R_" async=""></script><script>(self.__next_f=self.__next_f||[]).push([0])</script><script>self.__next_f.push([1,"1:\"$Sreact.fragment\"\n2:I[70533,[\"/_next/static/chunks/62ad1ffa6867909c.js\"],\"AppLayout\"]\n3:I[39756,[\"/_next/static/chunks/ff1a16fafef87110.js\",\"/_next/static/chunks/7340adf74ff47ec0.js\"],\"default\"]\n4:I[37457,[\"/_next/static/chunks/ff1a16fafef87110.js\",\"/_next/static/chunks/7340adf74ff47ec0.js\"],\"default\"]\n5:I[97367,[\"/_next/static/chunks/ff1a16fafef87110.js\",\"/_next/static/chunks/7340adf74ff47ec0.js\"],\"OutletBoundary\"]\n6:\"$Sreact.suspense\"\n8:I[97367,[\"/_next/static/chunks/ff1a16fafef87110.js\",\"/_next/static/chunks/7340adf74ff47ec0.js\"],\"ViewportBoundary\"]\na:I[97367,[\"/_next/static/chunks/ff1a16fafef87110.js\",\"/_next/static/chunks/7340adf74ff47ec0.js\"],\"MetadataBoundary\"]\nc:I[68027,[\"/_next/static/chunks/ff1a16fafef87110.js\",\"/_next/static/chunks/7340adf74ff47ec0.js\"],\"default\"]\n:HL[\"/_next/static/chunks/29a3b05578acb3f5.css\",\"style\"]\n"])</script><script>self.__next_f.push([1,"0:{\"P\":null,\"b\":\"dvVfKbr4Uzr8MNyy1eHhL\",\"c\":[\"\",\"_not-found\"],\"q\":\"\",\"i\":false,\"f\":[[[\"\",{\"children\":[\"/_not-found\",{\"children\":[\"__PAGE__\",{}]}]},\"$undefined\",\"$undefined\",true],[[\"$\",\"$1\",\"c\",{\"children\":[[[\"$\",\"link\",\"0\",{\"rel\":\"stylesheet\",\"href\":\"/_next/static/chunks/29a3b05578acb3f5.css\",\"precedence\":\"next\",\"crossOrigin\":\"$undefined\",\"nonce\":\"$undefined\"}],[\"$\",\"script\",\"script-0\",{\"src\":\"/_next/static/chunks/62ad1ffa6867909c.js\",\"async\":true,\"nonce\":\"$undefined\"}]],[\"$\",\"html\",null,{\"lang\":\"es\",\"children\":[\"$\",\"body\",null,{\"className\":\"inter_5972bc34-module__OU16Qa__className\",\"children\":[\"$\",\"$L2\",null,{\"children\":[\"$\",\"$L3\",null,{\"parallelRouterKey\":\"children\",\"error\":\"$undefined\",\"errorStyles\":\"$undefined\",\"errorScripts\":\"$undefined\",\"template\":[\"$\",\"$L4\",null,{}],\"templateStyles\":\"$undefined\",\"templateScripts\":\"$undefined\",\"notFound\":[[[\"$\",\"title\",null,{\"children\":\"404: This page could not be found.\"}],[\"$\",\"div\",null,{\"style\":{\"fontFamily\":\"system-ui,\\\"Segoe UI\\\",Roboto,Helvetica,Arial,sans-serif,\\\"Apple Color Emoji\\\",\\\"Segoe UI Emoji\\\"\",\"height\":\"100vh\",\"textAlign\":\"center\",\"display\":\"flex\",\"flexDirection\":\"column\",\"alignItems\":\"center\",\"justifyContent\":\"center\"},\"children\":[\"$\",\"div\",null,{\"children\":[[\"$\",\"style\",null,{\"dangerouslySetInnerHTML\":{\"__html\":\"body{color:#000;background:#fff;margin:0}.next-error-h1{border-right:1px solid rgba(0,0,0,.3)}@media (prefers-color-scheme:dark){body{color:#fff;background:#000}.next-error-h1{border-right:1px solid rgba(255,255,255,.3)}}\"}}],[\"$\",\"h1\",null,{\"className\":\"next-error-h1\",\"style\":{\"display\":\"inline-block\",\"margin\":\"0 20px 0 0\",\"padding\":\"0 23px 0 0\",\"fontSize\":24,\"fontWeight\":500,\"verticalAlign\":\"top\",\"lineHeight\":\"49px\"},\"children\":404}],[\"$\",\"div\",null,{\"style\":{\"display\":\"inline-block\"},\"children\":[\"$\",\"h2\",null,{\"style\":{\"fontSize\":14,\"fontWeight\":400,\"lineHeight\":\"49px\",\"margin\":0},\"children\":\"This page could not be found.\"}]}]]}]}]],[]],\"forbidden\":\"$undefined\",\"unauthorized\":\"$undefined\"}]}]}]}]]}],{\"children\":[[\"$\",\"$1\",\"c\",{\"children\":[null,[\"$\",\"$L3\",null,{\"parallelRouterKey\":\"children\",\"error\":\"$undefined\",\"errorStyles\":\"$undefined\",\"errorScripts\":\"$undefined\",\"template\":[\"$\",\"$L4\",null,{}],\"templateStyles\":\"$undefined\",\"templateScripts\":\"$undefined\",\"notFound\":\"$undefined\",\"forbidden\":\"$undefined\",\"unauthorized\":\"$undefined\"}]]}],{\"children\":[[\"$\",\"$1\",\"c\",{\"children\":[[[\"$\",\"title\",null,{\"children\":\"404: This page could not be found.\"}],[\"$\",\"div\",null,{\"style\":\"$0:f:0:1:0:props:children:1:props:children:props:children:props:children:props:notFound:0:1:props:style\",\"children\":[\"$\",\"div\",null,{\"children\":[[\"$\",\"style\",null,{\"dangerouslySetInnerHTML\":{\"__html\":\"body{color:#000;background:#fff;margin:0}.next-error-h1{border-right:1px solid rgba(0,0,0,.3)}@media (prefers-color-scheme:dark){body{color:#fff;background:#000}.next-error-h1{border-right:1px solid rgba(255,255,255,.3)}}\"}}],[\"$\",\"h1\",null,{\"className\":\"next-error-h1\",\"style\":\"$0:f:0:1:0:props:children:1:props:children:props:children:props:children:props:notFound:0:1:props:children:props:children:1:props:style\",\"children\":404}],[\"$\",\"div\",null,{\"style\":\"$0:f:0:1:0:props:children:1:props:children:props:children:props:children:props:notFound:0:1:props:children:props:children:2:props:style\",\"children\":[\"$\",\"h2\",null,{\"style\":\"$0:f:0:1:0:props:children:1:props:children:props:children:props:children:props:notFound:0:1:props:children:props:children:2:props:children:props:style\",\"children\":\"This page could not be found.\"}]}]]}]}]],null,[\"$\",\"$L5\",null,{\"children\":[\"$\",\"$6\",null,{\"name\":\"Next.MetadataOutlet\",\"children\":\"$@7\"}]}]]}],{},null,false,false]},null,false,false]},null,false,false],[\"$\",\"$1\",\"h\",{\"children\":[[\"$\",\"meta\",null,{\"name\":\"robots\",\"content\":\"noindex\"}],[\"$\",\"$L8\",null,{\"children\":\"$L9\"}],[\"$\",\"div\",null,{\"hidden\":true,\"children\":[\"$\",\"$La\",null,{\"children\":[\"$\",\"$6\",null,{\"name\":\"Next.Metadata\",\"children\":\"$Lb\"}]}]}],[\"$\",\"meta\",null,{\"name\":\"next-size-adjust\",\"content\":\"\"}]]}],false]],\"m\":\"$undefined\",\"G\":[\"$c\",\"$undefined\"],\"S\":true}\n"])</script><script>self.__next_f.push([1,"9:[[\"$\",\"meta\",\"0\",{\"charSet\":\"utf-8\"}],[\"$\",\"meta\",\"1\",{\"name\":\"viewport\",\"content\":\"width=device-width, initial-scale=1\"}]]\n"])</script><script>self.__next_f.push([1,"d:I[27201,[\"/_next/static/chunks/ff1a16fafef87110.js\",\"/_next/static/chunks/7340adf74ff47ec0.js\"],\"IconMark\"]\n7:null\nb:[[\"$\",\"title\",\"0\",{\"children\":\"Sistema de Palmicultura - AgroApp\"}],[\"$\",\"meta\",\"1\",{\"name\":\"description\",\"content\":\"Gesti├│n operativa de fincas palmeras\"}],[\"$\",\"link\",\"2\",{\"rel\":\"icon\",\"href\":\"/favicon.ico?favicon.0b3bf435.ico\",\"sizes\":\"256x256\",\"type\":\"image/x-icon\"}],[\"$\",\"$Ld\",\"3\",{}]]\n"])</script></body></html>

--- Testing POST ---
Status: 405
Body snippet: 
